c:\kamran btech\sem 4\ads\new\adaptive-indexing-engine\build\adaptive-indexing-engine.dir\debug\vc145.pdb
c:\kamran btech\sem 4\ads\new\adaptive-indexing-engine\build\adaptive-indexing-engine.dir\debug\engine.obj
c:\kamran btech\sem 4\ads\new\adaptive-indexing-engine\build\adaptive-indexing-engine.dir\debug\bplustree.obj
c:\kamran btech\sem 4\ads\new\adaptive-indexing-engine\build\adaptive-indexing-engine.dir\debug\avl.obj
c:\kamran btech\sem 4\ads\new\adaptive-indexing-engine\build\adaptive-indexing-engine.dir\debug\main.obj
c:\kamran btech\sem 4\ads\new\adaptive-indexing-engine\build\cmakefiles\generate.stamp
c:\kamran btech\sem 4\ads\new\adaptive-indexing-engine\build\adaptive-indexing-engine.dir\debug\adaptive-indexing-engine.ilk
c:\kamran btech\sem 4\ads\new\adaptive-indexing-engine\build\debug\adaptive-indexing-engine.pdb
c:\kamran btech\sem 4\ads\new\adaptive-indexing-engine\build\adaptive-indexing-engine.dir\debug\adaptive.f0be0e75.tlog\cl.command.1.tlog
c:\kamran btech\sem 4\ads\new\adaptive-indexing-engine\build\adaptive-indexing-engine.dir\debug\adaptive.f0be0e75.tlog\cl.items.tlog
c:\kamran btech\sem 4\ads\new\adaptive-indexing-engine\build\adaptive-indexing-engine.dir\debug\adaptive.f0be0e75.tlog\cl.read.1.tlog
c:\kamran btech\sem 4\ads\new\adaptive-indexing-engine\build\adaptive-indexing-engine.dir\debug\adaptive.f0be0e75.tlog\cl.write.1.tlog
c:\kamran btech\sem 4\ads\new\adaptive-indexing-engine\build\adaptive-indexing-engine.dir\debug\adaptive.f0be0e75.tlog\custombuild.command.1.tlog
c:\kamran btech\sem 4\ads\new\adaptive-indexing-engine\build\adaptive-indexing-engine.dir\debug\adaptive.f0be0e75.tlog\custombuild.read.1.tlog
c:\kamran btech\sem 4\ads\new\adaptive-indexing-engine\build\adaptive-indexing-engine.dir\debug\adaptive.f0be0e75.tlog\custombuild.write.1.tlog
c:\kamran btech\sem 4\ads\new\adaptive-indexing-engine\build\adaptive-indexing-engine.dir\debug\adaptive.f0be0e75.tlog\link-cvtres.read.1.tlog
c:\kamran btech\sem 4\ads\new\adaptive-indexing-engine\build\adaptive-indexing-engine.dir\debug\adaptive.f0be0e75.tlog\link-cvtres.write.1.tlog
c:\kamran btech\sem 4\ads\new\adaptive-indexing-engine\build\adaptive-indexing-engine.dir\debug\adaptive.f0be0e75.tlog\link-rc.read.1.tlog
c:\kamran btech\sem 4\ads\new\adaptive-indexing-engine\build\adaptive-indexing-engine.dir\debug\adaptive.f0be0e75.tlog\link-rc.write.1.tlog
c:\kamran btech\sem 4\ads\new\adaptive-indexing-engine\build\adaptive-indexing-engine.dir\debug\adaptive.f0be0e75.tlog\link.command.1.tlog
c:\kamran btech\sem 4\ads\new\adaptive-indexing-engine\build\adaptive-indexing-engine.dir\debug\adaptive.f0be0e75.tlog\link.read.1.tlog
c:\kamran btech\sem 4\ads\new\adaptive-indexing-engine\build\adaptive-indexing-engine.dir\debug\adaptive.f0be0e75.tlog\link.read.3.tlog
c:\kamran btech\sem 4\ads\new\adaptive-indexing-engine\build\adaptive-indexing-engine.dir\debug\adaptive.f0be0e75.tlog\link.secondary.1.tlog
c:\kamran btech\sem 4\ads\new\adaptive-indexing-engine\build\adaptive-indexing-engine.dir\debug\adaptive.f0be0e75.tlog\link.write.1.tlog
